driver,avg_laptime
Alonzo,4.526666667
Hamilton,4.563333333
Verstrappen,4.63
